Fonts/Bidad v1.0/__MACOSX/Bidad-otf/._Bidad-Black.otf	Not a TrueType or OpenType font (bad sfntVersion)
Fonts/Bidad v1.0/__MACOSX/Bidad-otf/._Bidad-Bold.otf	Not a TrueType or OpenType font (bad sfntVersion)
Fonts/Bidad v1.0/__MACOSX/Bidad-otf/._Bidad-DemiBold.otf	Not a TrueType or OpenType font (bad sfntVersion)
Fonts/Bidad v1.0/__MACOSX/Bidad-otf/._Bidad-ExtraBold.otf	Not a TrueType or OpenType font (bad sfntVersion)
Fonts/Bidad v1.0/__MACOSX/Bidad-otf/._Bidad-ExtraLight.otf	Not a TrueType or OpenType font (bad sfntVersion)
Fonts/Bidad v1.0/__MACOSX/Bidad-otf/._Bidad-Heavy.otf	Not a TrueType or OpenType font (bad sfntVersion)
Fonts/Bidad v1.0/__MACOSX/Bidad-otf/._Bidad-Light.otf	Not a TrueType or OpenType font (bad sfntVersion)
Fonts/Bidad v1.0/__MACOSX/Bidad-otf/._Bidad-Medium.otf	Not a TrueType or OpenType font (bad sfntVersion)
Fonts/Bidad v1.0/__MACOSX/Bidad-otf/._Bidad-Regular.otf	Not a TrueType or OpenType font (bad sfntVersion)
Fonts/Bidad v1.0/__MACOSX/Bidad-otf/._Bidad-SemiBold.otf	Not a TrueType or OpenType font (bad sfntVersion)
Fonts/Bidad v1.0/__MACOSX/Bidad-otf/._Bidad-SuperHeavy.otf	Not a TrueType or OpenType font (bad sfntVersion)
Fonts/Bidad v1.0/__MACOSX/Bidad-otf/._Bidad-Thin.otf	Not a TrueType or OpenType font (bad sfntVersion)
Fonts/Bidad v1.0/__MACOSX/Bidad-otf/._Bidad-UltraBold.otf	Not a TrueType or OpenType font (bad sfntVersion)
Fonts/Bidad v1.0/__MACOSX/Bidad-otf/._Bidad-UltraLight.otf	Not a TrueType or OpenType font (bad sfntVersion)
Fonts/Bidad v1.0/__MACOSX/Bidad-ttf/._Bidad-Black.ttf	Not a TrueType or OpenType font (bad sfntVersion)
Fonts/Bidad v1.0/__MACOSX/Bidad-ttf/._Bidad-Bold.ttf	Not a TrueType or OpenType font (bad sfntVersion)
Fonts/Bidad v1.0/__MACOSX/Bidad-ttf/._Bidad-DemiBold.ttf	Not a TrueType or OpenType font (bad sfntVersion)
Fonts/Bidad v1.0/__MACOSX/Bidad-ttf/._Bidad-ExtraBold.ttf	Not a TrueType or OpenType font (bad sfntVersion)
Fonts/Bidad v1.0/__MACOSX/Bidad-ttf/._Bidad-ExtraLight.ttf	Not a TrueType or OpenType font (bad sfntVersion)
Fonts/Bidad v1.0/__MACOSX/Bidad-ttf/._Bidad-Heavy.ttf	Not a TrueType or OpenType font (bad sfntVersion)
Fonts/Bidad v1.0/__MACOSX/Bidad-ttf/._Bidad-Light.ttf	Not a TrueType or OpenType font (bad sfntVersion)
Fonts/Bidad v1.0/__MACOSX/Bidad-ttf/._Bidad-Medium.ttf	Not a TrueType or OpenType font (bad sfntVersion)
Fonts/Bidad v1.0/__MACOSX/Bidad-ttf/._Bidad-Regular.ttf	Not a TrueType or OpenType font (bad sfntVersion)
Fonts/Bidad v1.0/__MACOSX/Bidad-ttf/._Bidad-SemiBold.ttf	Not a TrueType or OpenType font (bad sfntVersion)
Fonts/Bidad v1.0/__MACOSX/Bidad-ttf/._Bidad-SuperHeavy.ttf	Not a TrueType or OpenType font (bad sfntVersion)
Fonts/Bidad v1.0/__MACOSX/Bidad-ttf/._Bidad-Thin.ttf	Not a TrueType or OpenType font (bad sfntVersion)
Fonts/Bidad v1.0/__MACOSX/Bidad-ttf/._Bidad-UltraBold.ttf	Not a TrueType or OpenType font (bad sfntVersion)
Fonts/Bidad v1.0/__MACOSX/Bidad-ttf/._Bidad-UltraLight.ttf	Not a TrueType or OpenType font (bad sfntVersion)
Fonts/Bidad v1.0/__MACOSX/Bidad-VF/._BidadVF.ttf	Not a TrueType or OpenType font (bad sfntVersion)
Fonts/Bidad v1.0/__MACOSX/Bidad-VF/._BidadVF.woff	Not a TrueType or OpenType font (bad sfntVersion)
Fonts/Bidad v1.0/__MACOSX/Bidad-VF/._BidadVF.woff2	Not a TrueType or OpenType font (bad sfntVersion)
Fonts/Bidad v1.0/__MACOSX/Bidad-woff/._Bidad-Black.woff	Not a TrueType or OpenType font (bad sfntVersion)
Fonts/Bidad v1.0/__MACOSX/Bidad-woff/._Bidad-Bold.woff	Not a TrueType or OpenType font (bad sfntVersion)
Fonts/Bidad v1.0/__MACOSX/Bidad-woff/._Bidad-DemiBold.woff	Not a TrueType or OpenType font (bad sfntVersion)
Fonts/Bidad v1.0/__MACOSX/Bidad-woff/._Bidad-ExtraBold.woff	Not a TrueType or OpenType font (bad sfntVersion)
Fonts/Bidad v1.0/__MACOSX/Bidad-woff/._Bidad-ExtraLight.woff	Not a TrueType or OpenType font (bad sfntVersion)
Fonts/Bidad v1.0/__MACOSX/Bidad-woff/._Bidad-Heavy.woff	Not a TrueType or OpenType font (bad sfntVersion)
Fonts/Bidad v1.0/__MACOSX/Bidad-woff/._Bidad-Light.woff	Not a TrueType or OpenType font (bad sfntVersion)
Fonts/Bidad v1.0/__MACOSX/Bidad-woff/._Bidad-Medium.woff	Not a TrueType or OpenType font (bad sfntVersion)
Fonts/Bidad v1.0/__MACOSX/Bidad-woff/._Bidad-Regular.woff	Not a TrueType or OpenType font (bad sfntVersion)
Fonts/Bidad v1.0/__MACOSX/Bidad-woff/._Bidad-SemiBold.woff	Not a TrueType or OpenType font (bad sfntVersion)
Fonts/Bidad v1.0/__MACOSX/Bidad-woff/._Bidad-SuperHeavy.woff	Not a TrueType or OpenType font (bad sfntVersion)
Fonts/Bidad v1.0/__MACOSX/Bidad-woff/._Bidad-Thin.woff	Not a TrueType or OpenType font (bad sfntVersion)
Fonts/Bidad v1.0/__MACOSX/Bidad-woff/._Bidad-UltraBold.woff	Not a TrueType or OpenType font (bad sfntVersion)
Fonts/Bidad v1.0/__MACOSX/Bidad-woff/._Bidad-UltraLight.woff	Not a TrueType or OpenType font (bad sfntVersion)
Fonts/Bidad v1.0/__MACOSX/Bidad-woff2/._Bidad-Black.woff2	Not a TrueType or OpenType font (bad sfntVersion)
Fonts/Bidad v1.0/__MACOSX/Bidad-woff2/._Bidad-Bold.woff2	Not a TrueType or OpenType font (bad sfntVersion)
Fonts/Bidad v1.0/__MACOSX/Bidad-woff2/._Bidad-DemiBold.woff2	Not a TrueType or OpenType font (bad sfntVersion)
Fonts/Bidad v1.0/__MACOSX/Bidad-woff2/._Bidad-ExtraBold.woff2	Not a TrueType or OpenType font (bad sfntVersion)
Fonts/Bidad v1.0/__MACOSX/Bidad-woff2/._Bidad-ExtraLight.woff2	Not a TrueType or OpenType font (bad sfntVersion)
Fonts/Bidad v1.0/__MACOSX/Bidad-woff2/._Bidad-Heavy.woff2	Not a TrueType or OpenType font (bad sfntVersion)
Fonts/Bidad v1.0/__MACOSX/Bidad-woff2/._Bidad-Light.woff2	Not a TrueType or OpenType font (bad sfntVersion)
Fonts/Bidad v1.0/__MACOSX/Bidad-woff2/._Bidad-Medium.woff2	Not a TrueType or OpenType font (bad sfntVersion)
Fonts/Bidad v1.0/__MACOSX/Bidad-woff2/._Bidad-Regular.woff2	Not a TrueType or OpenType font (bad sfntVersion)
Fonts/Bidad v1.0/__MACOSX/Bidad-woff2/._Bidad-SemiBold.woff2	Not a TrueType or OpenType font (bad sfntVersion)
Fonts/Bidad v1.0/__MACOSX/Bidad-woff2/._Bidad-SuperHeavy.woff2	Not a TrueType or OpenType font (bad sfntVersion)
Fonts/Bidad v1.0/__MACOSX/Bidad-woff2/._Bidad-Thin.woff2	Not a TrueType or OpenType font (bad sfntVersion)
Fonts/Bidad v1.0/__MACOSX/Bidad-woff2/._Bidad-UltraBold.woff2	Not a TrueType or OpenType font (bad sfntVersion)
Fonts/Bidad v1.0/__MACOSX/Bidad-woff2/._Bidad-UltraLight.woff2	Not a TrueType or OpenType font (bad sfntVersion)
+Mixed Fonts/The Boundaries (2 OTF/__MACOSX/._The Boundaries Regular.otf	Not a TrueType or OpenType font (bad sfntVersion)
+Mixed Fonts/The Boundaries (2 OTF/__MACOSX/._The Boundaries Swash.otf	Not a TrueType or OpenType font (bad sfntVersion)
